<?xml version="1.0" encoding="UTF-8"?>
<testsuites name="jest tests" tests="3" failures="0" errors="0" time="1.975">
  <testsuite name="AppComponent" errors="0" failures="0" skipped="0" timestamp="2022-04-08T20:34:32" time="1.39" tests="3">
    <testcase classname="AppComponent should create the app" name="AppComponent should create the app" time="0.023">
    </testcase>
    <testcase classname="AppComponent should have as title &apos;todo-app&apos;" name="AppComponent should have as title &apos;todo-app&apos;" time="0.003">
    </testcase>
    <testcase classname="AppComponent should render title" name="AppComponent should render title" time="0.002">
    </testcase>
  </testsuite>
</testsuites>